07:18:01 **** Incremental Build of configuration Debug for project 0_ledtoggleaddress ****
make -j4 all 
arm-none-eabi-gcc "../Src/main.c" -mcpu=cortex-m4 -std=gnu11 -g3 -DDEBUG -DNUCLEO_F411RE -DSTM32 -DSTM32F4 -DSTM32F411RETx -c -I../Inc -O0 -ffunction-sections -fdata-sections -Wall -fstack-usage -MMD -MP -MF"Src/main.d" -MT"Src/main.o" --specs=nano.specs -mfpu=fpv4-sp-d16 -mfloat-abi=hard -mthumb -o "Src/main.o"
arm-none-eabi-gcc -o "0_ledtoggleaddress.elf" @"objects.list"   -mcpu=cortex-m4 -T"C:\Users\MRMC\Desktop\STM32F4 DOC\0_ledtoggleaddress\STM32F411RETX_FLASH.ld" --specs=nosys.specs -Wl,-Map="0_ledtoggleaddress.map" -Wl,--gc-sections -static --specs=nano.specs -mfpu=fpv4-sp-d16 -mfloat-abi=hard -mthumb -Wl,--start-group -lc -lm -Wl,--end-group
Finished building target: 0_ledtoggleaddress.elf
 
arm-none-eabi-size   0_ledtoggleaddress.elf 
arm-none-eabi-objdump -h -S  0_ledtoggleaddress.elf  > "0_ledtoggleaddress.list"
   text	   data	    bss	    dec	    hex	filename
    740	      8	   1568	   2316	    90c	0_ledtoggleaddress.elf
Finished building: default.size.stdout
 
Finished building: 0_ledtoggleaddress.list
 

07:18:04 Build Finished. 0 errors, 0 warnings. (took 3s.27ms)

